2025-04-12 07:29:53,546 [WARNING] 'levels.db' veritabaný dosyasý bulunamadý, ilk XP kazanýmýnda oluþturulacak.
2025-04-12 07:29:53,547 [INFO] Yapýlandýrma dosyasý yükleniyor: c:\Users\onur\Desktop\Yata Misaki - testing\commands\Leveling\..\..\leveling_config.json
2025-04-12 07:29:53,547 [INFO] Yüklenen yapýlandýrma: {'xp_range': {'min': 15, 'max': 25}, 'xp_cooldown_seconds': 60, 'level_roles': {'1': '1334194610221748347', '3': '1334194609038823424', '5': '1231998687866261545', '7': '1334194608208347146', '10': '1231998687044173948', '13': '1334194604722884628', '15': '1231998686293131294', '18': '1334194605536706660', '20': '1231998685248749742', '23': '1334194607273279508', '25': '1231998683139276840', '28': '1334194606790672494', '30': '1231998669138694225', '33': '1334194600826634302', '35': '1334194603699732480', '38': '1334194586423132270', '40': '1334194614915043398'}, 'remove_roles_if_below_rank': None, 'remove_previous_roles': True, 'blacklisted_channels': [], 'xp_boosts': {}}
2025-04-12 07:29:53,549 [INFO] Seviye yapýlandýrmasý 'c:\Users\onur\Desktop\Yata Misaki - testing\commands\Leveling\..\..\leveling_config.json' baþarýyla yüklendi.
2025-04-12 07:29:53,549 [INFO] Yüklenen level_roles: {'1': '1334194610221748347', '3': '1334194609038823424', '5': '1231998687866261545', '7': '1334194608208347146', '10': '1231998687044173948', '13': '1334194604722884628', '15': '1231998686293131294', '18': '1334194605536706660', '20': '1231998685248749742', '23': '1334194607273279508', '25': '1231998683139276840', '28': '1334194606790672494', '30': '1231998669138694225', '33': '1334194600826634302', '35': '1334194603699732480', '38': '1334194586423132270', '40': '1334194614915043398'}
2025-04-12 07:29:53,578 [INFO] 'levels.db' veritabanýna baðlandý.
2025-04-12 07:29:53,579 [INFO] Leveling Cog (Seviye Sistemi) yüklendi!
2025-04-12 07:29:53,720 [WARNING] 'partners.db' veritabaný dosyasý bulunamadý, ilk partner kaydýnda oluþturulacak.
2025-04-12 07:29:53,737 [INFO] 'partners.db' veritabanýna baðlandý.
2025-04-12 07:29:53,739 [INFO] logging in using static token
2025-04-12 07:29:55,497 [INFO] Shard ID None has connected to Gateway (Session ID: 067f4cf2d04cfbef6acfe84e15e2e0ea).
2025-04-12 07:30:32,744 [INFO] Kullanýcý DB'de bulunamadý/eksik, sýfýrlanýyor (K:1075675348731183166, S:1108389209502392411)
2025-04-12 07:30:32,756 [INFO] Eski durum: onura1 | Seviye: 0, XP: 0, Toplam XP: 0
2025-04-12 07:30:32,767 [INFO] XP Deðiþimi: onura1 | Deðiþim: +10000 | Yeni Toplam XP: 10000 | Seviye: 0 -> 13
2025-04-12 07:30:32,767 [INFO] Seviye atlandý: 0 -> 13, rol güncelleme çaðrýlýyor.
2025-04-12 07:30:32,767 [INFO] Rol güncelleme baþlatýldý: onura1 (ID: 1075675348731183166), Seviye: 13
2025-04-12 07:30:32,767 [INFO] Level roles map: {'1': '1334194610221748347', '3': '1334194609038823424', '5': '1231998687866261545', '7': '1334194608208347146', '10': '1231998687044173948', '13': '1334194604722884628', '15': '1231998686293131294', '18': '1334194605536706660', '20': '1231998685248749742', '23': '1334194607273279508', '25': '1231998683139276840', '28': '1334194606790672494', '30': '1231998669138694225', '33': '1334194600826634302', '35': '1334194603699732480', '38': '1334194586423132270', '40': '1334194614915043398'}
2025-04-12 07:30:32,768 [INFO] Seviye string: 13
2025-04-12 07:30:32,768 [INFO] Seviye 13 için rol ID: 1334194604722884628
2025-04-12 07:30:32,768 [INFO] Rol bulundu: Gümüþ Yolcu (Lv. 13) (ID: 1334194604722884628)
2025-04-12 07:30:32,768 [INFO] Kullanýcýnýn mevcut rolleri: {1110215709792931942, 1141809409664749639, 1157967788535730246, 1185544229624238122, 1157967748589162507, 1157967747406368878, 1110969051049623663, 1110213775392514190, 1108389209502392411, 1109145299324243999}
2025-04-12 07:30:32,768 [INFO] Rol ekleniyor: Gümüþ Yolcu (Lv. 13) (ID: 1334194604722884628)
2025-04-12 07:30:48,937 [INFO] Eski durum: onura1 | Seviye: 13, XP: 1550, Toplam XP: 10000
2025-04-12 07:30:48,947 [INFO] XP Deðiþimi: onura1 | Deðiþim: +10000 | Yeni Toplam XP: 20000 | Seviye: 13 -> 18
2025-04-12 07:30:48,948 [INFO] Seviye atlandý: 13 -> 18, rol güncelleme çaðrýlýyor.
2025-04-12 07:30:48,948 [INFO] Rol güncelleme baþlatýldý: onura1 (ID: 1075675348731183166), Seviye: 18
2025-04-12 07:30:48,948 [INFO] Level roles map: {'1': '1334194610221748347', '3': '1334194609038823424', '5': '1231998687866261545', '7': '1334194608208347146', '10': '1231998687044173948', '13': '1334194604722884628', '15': '1231998686293131294', '18': '1334194605536706660', '20': '1231998685248749742', '23': '1334194607273279508', '25': '1231998683139276840', '28': '1334194606790672494', '30': '1231998669138694225', '33': '1334194600826634302', '35': '1334194603699732480', '38': '1334194586423132270', '40': '1334194614915043398'}
2025-04-12 07:30:48,948 [INFO] Seviye string: 18
2025-04-12 07:30:48,949 [INFO] Seviye 18 için rol ID: 1334194605536706660
2025-04-12 07:30:48,949 [INFO] Rol bulundu: Asa Taþýyan (Lv. 18) (ID: 1334194605536706660)
2025-04-12 07:30:48,949 [INFO] Kullanýcýnýn mevcut rolleri: {1110215709792931942, 1141809409664749639, 1157967788535730246, 1185544229624238122, 1157967748589162507, 1157967747406368878, 1110969051049623663, 1110213775392514190, 1334194604722884628, 1108389209502392411, 1109145299324243999}
2025-04-12 07:30:48,949 [INFO] Kaldýrýlacak rol: Gümüþ Yolcu (Lv. 13) (ID: 1334194604722884628)
2025-04-12 07:30:48,949 [INFO] Roller kaldýrýlýyor: ['Gümüþ Yolcu (Lv. 13)']
2025-04-12 07:30:49,456 [INFO] Rol ekleniyor: Asa Taþýyan (Lv. 18) (ID: 1334194605536706660)
2025-04-12 07:30:56,455 [INFO] Eski durum: onura1 | Seviye: 18, XP: 1625, Toplam XP: 20000
2025-04-12 07:30:56,467 [INFO] XP Deðiþimi: onura1 | Deðiþim: +10000 | Yeni Toplam XP: 30000 | Seviye: 18 -> 21
2025-04-12 07:30:56,467 [INFO] Seviye atlandý: 18 -> 21, rol güncelleme çaðrýlýyor.
2025-04-12 07:30:56,467 [INFO] Rol güncelleme baþlatýldý: onura1 (ID: 1075675348731183166), Seviye: 21
2025-04-12 07:30:56,468 [INFO] Level roles map: {'1': '1334194610221748347', '3': '1334194609038823424', '5': '1231998687866261545', '7': '1334194608208347146', '10': '1231998687044173948', '13': '1334194604722884628', '15': '1231998686293131294', '18': '1334194605536706660', '20': '1231998685248749742', '23': '1334194607273279508', '25': '1231998683139276840', '28': '1334194606790672494', '30': '1231998669138694225', '33': '1334194600826634302', '35': '1334194603699732480', '38': '1334194586423132270', '40': '1334194614915043398'}
2025-04-12 07:30:56,468 [INFO] Seviye string: 21
2025-04-12 07:30:56,468 [INFO] Seviye 21 için rol tanýmlý deðil.
2025-04-12 07:30:58,470 [INFO] Eski durum: onura1 | Seviye: 21, XP: 3050, Toplam XP: 30000
2025-04-12 07:30:58,484 [INFO] XP Deðiþimi: onura1 | Deðiþim: +10000 | Yeni Toplam XP: 40000 | Seviye: 21 -> 24
2025-04-12 07:30:58,484 [INFO] Seviye atlandý: 21 -> 24, rol güncelleme çaðrýlýyor.
2025-04-12 07:30:58,484 [INFO] Rol güncelleme baþlatýldý: onura1 (ID: 1075675348731183166), Seviye: 24
2025-04-12 07:30:58,484 [INFO] Level roles map: {'1': '1334194610221748347', '3': '1334194609038823424', '5': '1231998687866261545', '7': '1334194608208347146', '10': '1231998687044173948', '13': '1334194604722884628', '15': '1231998686293131294', '18': '1334194605536706660', '20': '1231998685248749742', '23': '1334194607273279508', '25': '1231998683139276840', '28': '1334194606790672494', '30': '1231998669138694225', '33': '1334194600826634302', '35': '1334194603699732480', '38': '1334194586423132270', '40': '1334194614915043398'}
2025-04-12 07:30:58,485 [INFO] Seviye string: 24
2025-04-12 07:30:58,485 [INFO] Seviye 24 için rol tanýmlý deðil.
2025-04-12 07:31:02,509 [INFO] Eski durum: onura1 | Seviye: 24, XP: 2180, Toplam XP: 40000
2025-04-12 07:31:02,522 [INFO] XP Deðiþimi: onura1 | Deðiþim: +10000 | Yeni Toplam XP: 50000 | Seviye: 24 -> 26
2025-04-12 07:31:02,522 [INFO] Seviye atlandý: 24 -> 26, rol güncelleme çaðrýlýyor.
2025-04-12 07:31:02,522 [INFO] Rol güncelleme baþlatýldý: onura1 (ID: 1075675348731183166), Seviye: 26
2025-04-12 07:31:02,522 [INFO] Level roles map: {'1': '1334194610221748347', '3': '1334194609038823424', '5': '1231998687866261545', '7': '1334194608208347146', '10': '1231998687044173948', '13': '1334194604722884628', '15': '1231998686293131294', '18': '1334194605536706660', '20': '1231998685248749742', '23': '1334194607273279508', '25': '1231998683139276840', '28': '1334194606790672494', '30': '1231998669138694225', '33': '1334194600826634302', '35': '1334194603699732480', '38': '1334194586423132270', '40': '1334194614915043398'}
2025-04-12 07:31:02,523 [INFO] Seviye string: 26
2025-04-12 07:31:02,523 [INFO] Seviye 26 için rol tanýmlý deðil.
2025-04-12 07:31:06,281 [INFO] Eski durum: onura1 | Seviye: 26, XP: 3525, Toplam XP: 50000
2025-04-12 07:31:06,294 [INFO] XP Deðiþimi: onura1 | Deðiþim: +10000 | Yeni Toplam XP: 60000 | Seviye: 26 -> 28
2025-04-12 07:31:06,295 [INFO] Seviye atlandý: 26 -> 28, rol güncelleme çaðrýlýyor.
2025-04-12 07:31:06,295 [INFO] Rol güncelleme baþlatýldý: onura1 (ID: 1075675348731183166), Seviye: 28
2025-04-12 07:31:06,295 [INFO] Level roles map: {'1': '1334194610221748347', '3': '1334194609038823424', '5': '1231998687866261545', '7': '1334194608208347146', '10': '1231998687044173948', '13': '1334194604722884628', '15': '1231998686293131294', '18': '1334194605536706660', '20': '1231998685248749742', '23': '1334194607273279508', '25': '1231998683139276840', '28': '1334194606790672494', '30': '1231998669138694225', '33': '1334194600826634302', '35': '1334194603699732480', '38': '1334194586423132270', '40': '1334194614915043398'}
2025-04-12 07:31:06,295 [INFO] Seviye string: 28
2025-04-12 07:31:06,296 [INFO] Seviye 28 için rol ID: 1334194606790672494
2025-04-12 07:31:06,296 [INFO] Rol bulundu: Gece Kýlýç Ustasý (Lv. 28) (ID: 1334194606790672494)
2025-04-12 07:31:06,296 [INFO] Kullanýcýnýn mevcut rolleri: {1334194605536706660, 1110215709792931942, 1141809409664749639, 1157967788535730246, 1185544229624238122, 1157967748589162507, 1157967747406368878, 1110969051049623663, 1110213775392514190, 1108389209502392411, 1109145299324243999}
2025-04-12 07:31:06,296 [INFO] Kaldýrýlacak rol: Asa Taþýyan (Lv. 18) (ID: 1334194605536706660)
2025-04-12 07:31:06,296 [INFO] Roller kaldýrýlýyor: ['Asa Taþýyan (Lv. 18)']
2025-04-12 07:31:06,731 [INFO] Rol ekleniyor: Gece Kýlýç Ustasý (Lv. 28) (ID: 1334194606790672494)
2025-04-12 07:31:09,610 [INFO] Eski durum: onura1 | Seviye: 28, XP: 3650, Toplam XP: 60000
2025-04-12 07:31:09,623 [INFO] XP Deðiþimi: onura1 | Deðiþim: +10000 | Yeni Toplam XP: 70000 | Seviye: 28 -> 30
2025-04-12 07:31:09,623 [INFO] Seviye atlandý: 28 -> 30, rol güncelleme çaðrýlýyor.
2025-04-12 07:31:09,623 [INFO] Rol güncelleme baþlatýldý: onura1 (ID: 1075675348731183166), Seviye: 30
2025-04-12 07:31:09,623 [INFO] Level roles map: {'1': '1334194610221748347', '3': '1334194609038823424', '5': '1231998687866261545', '7': '1334194608208347146', '10': '1231998687044173948', '13': '1334194604722884628', '15': '1231998686293131294', '18': '1334194605536706660', '20': '1231998685248749742', '23': '1334194607273279508', '25': '1231998683139276840', '28': '1334194606790672494', '30': '1231998669138694225', '33': '1334194600826634302', '35': '1334194603699732480', '38': '1334194586423132270', '40': '1334194614915043398'}
2025-04-12 07:31:09,624 [INFO] Seviye string: 30
2025-04-12 07:31:09,624 [INFO] Seviye 30 için rol ID: 1231998669138694225
2025-04-12 07:31:09,624 [INFO] Rol bulundu: Sessiz Gölge (Lv. 30) (ID: 1231998669138694225)
2025-04-12 07:31:09,624 [INFO] Kullanýcýnýn mevcut rolleri: {1110215709792931942, 1141809409664749639, 1157967788535730246, 1185544229624238122, 1157967748589162507, 1157967747406368878, 1110969051049623663, 1334194606790672494, 1110213775392514190, 1108389209502392411, 1109145299324243999}
2025-04-12 07:31:09,625 [INFO] Kaldýrýlacak rol: Gece Kýlýç Ustasý (Lv. 28) (ID: 1334194606790672494)
2025-04-12 07:31:09,625 [INFO] Roller kaldýrýlýyor: ['Gece Kýlýç Ustasý (Lv. 28)']
2025-04-12 07:31:09,983 [INFO] Rol ekleniyor: Sessiz Gölge (Lv. 30) (ID: 1231998669138694225)
2025-04-12 07:31:12,978 [INFO] Eski durum: onura1 | Seviye: 30, XP: 2475, Toplam XP: 70000
2025-04-12 07:31:12,989 [INFO] XP Deðiþimi: onura1 | Deðiþim: +10000 | Yeni Toplam XP: 80000 | Seviye: 30 -> 31
2025-04-12 07:31:12,989 [INFO] Seviye atlandý: 30 -> 31, rol güncelleme çaðrýlýyor.
2025-04-12 07:31:12,989 [INFO] Rol güncelleme baþlatýldý: onura1 (ID: 1075675348731183166), Seviye: 31
2025-04-12 07:31:12,989 [INFO] Level roles map: {'1': '1334194610221748347', '3': '1334194609038823424', '5': '1231998687866261545', '7': '1334194608208347146', '10': '1231998687044173948', '13': '1334194604722884628', '15': '1231998686293131294', '18': '1334194605536706660', '20': '1231998685248749742', '23': '1334194607273279508', '25': '1231998683139276840', '28': '1334194606790672494', '30': '1231998669138694225', '33': '1334194600826634302', '35': '1334194603699732480', '38': '1334194586423132270', '40': '1334194614915043398'}
2025-04-12 07:31:12,990 [INFO] Seviye string: 31
2025-04-12 07:31:12,990 [INFO] Seviye 31 için rol tanýmlý deðil.
2025-04-12 07:31:19,809 [INFO] Eski durum: onura1 | Seviye: 31, XP: 6375, Toplam XP: 80000
2025-04-12 07:31:19,819 [INFO] XP Deðiþimi: onura1 | Deðiþim: +10000 | Yeni Toplam XP: 90000 | Seviye: 31 -> 33
2025-04-12 07:31:19,819 [INFO] Seviye atlandý: 31 -> 33, rol güncelleme çaðrýlýyor.
2025-04-12 07:31:19,819 [INFO] Rol güncelleme baþlatýldý: onura1 (ID: 1075675348731183166), Seviye: 33
2025-04-12 07:31:19,819 [INFO] Level roles map: {'1': '1334194610221748347', '3': '1334194609038823424', '5': '1231998687866261545', '7': '1334194608208347146', '10': '1231998687044173948', '13': '1334194604722884628', '15': '1231998686293131294', '18': '1334194605536706660', '20': '1231998685248749742', '23': '1334194607273279508', '25': '1231998683139276840', '28': '1334194606790672494', '30': '1231998669138694225', '33': '1334194600826634302', '35': '1334194603699732480', '38': '1334194586423132270', '40': '1334194614915043398'}
2025-04-12 07:31:19,820 [INFO] Seviye string: 33
2025-04-12 07:31:19,820 [INFO] Seviye 33 için rol ID: 1334194600826634302
2025-04-12 07:31:19,820 [INFO] Rol bulundu: Gümüþ Kralýn Varisi (Lv. 33) (ID: 1334194600826634302)
2025-04-12 07:31:19,820 [INFO] Kullanýcýnýn mevcut rolleri: {1110215709792931942, 1141809409664749639, 1157967788535730246, 1185544229624238122, 1157967748589162507, 1157967747406368878, 1110969051049623663, 1110213775392514190, 1231998669138694225, 1108389209502392411, 1109145299324243999}
2025-04-12 07:31:19,820 [INFO] Kaldýrýlacak rol: Sessiz Gölge (Lv. 30) (ID: 1231998669138694225)
2025-04-12 07:31:19,821 [INFO] Roller kaldýrýlýyor: ['Sessiz Gölge (Lv. 30)']
2025-04-12 07:31:20,180 [INFO] Rol ekleniyor: Gümüþ Kralýn Varisi (Lv. 33) (ID: 1334194600826634302)
2025-04-12 07:31:23,017 [INFO] Eski durum: onura1 | Seviye: 33, XP: 3100, Toplam XP: 90000
2025-04-12 07:31:23,031 [INFO] XP Deðiþimi: onura1 | Deðiþim: +10000 | Yeni Toplam XP: 100000 | Seviye: 33 -> 34
2025-04-12 07:31:23,031 [INFO] Seviye atlandý: 33 -> 34, rol güncelleme çaðrýlýyor.
2025-04-12 07:31:23,031 [INFO] Rol güncelleme baþlatýldý: onura1 (ID: 1075675348731183166), Seviye: 34
2025-04-12 07:31:23,032 [INFO] Level roles map: {'1': '1334194610221748347', '3': '1334194609038823424', '5': '1231998687866261545', '7': '1334194608208347146', '10': '1231998687044173948', '13': '1334194604722884628', '15': '1231998686293131294', '18': '1334194605536706660', '20': '1231998685248749742', '23': '1334194607273279508', '25': '1231998683139276840', '28': '1334194606790672494', '30': '1231998669138694225', '33': '1334194600826634302', '35': '1334194603699732480', '38': '1334194586423132270', '40': '1334194614915043398'}
2025-04-12 07:31:23,032 [INFO] Seviye string: 34
2025-04-12 07:31:23,032 [INFO] Seviye 34 için rol tanýmlý deðil.
2025-04-12 07:31:25,368 [INFO] Eski durum: onura1 | Seviye: 34, XP: 5905, Toplam XP: 100000
2025-04-12 07:31:25,380 [INFO] XP Deðiþimi: onura1 | Deðiþim: +10000 | Yeni Toplam XP: 110000 | Seviye: 34 -> 36
2025-04-12 07:31:25,380 [INFO] Seviye atlandý: 34 -> 36, rol güncelleme çaðrýlýyor.
2025-04-12 07:31:25,381 [INFO] Rol güncelleme baþlatýldý: onura1 (ID: 1075675348731183166), Seviye: 36
2025-04-12 07:31:25,381 [INFO] Level roles map: {'1': '1334194610221748347', '3': '1334194609038823424', '5': '1231998687866261545', '7': '1334194608208347146', '10': '1231998687044173948', '13': '1334194604722884628', '15': '1231998686293131294', '18': '1334194605536706660', '20': '1231998685248749742', '23': '1334194607273279508', '25': '1231998683139276840', '28': '1334194606790672494', '30': '1231998669138694225', '33': '1334194600826634302', '35': '1334194603699732480', '38': '1334194586423132270', '40': '1334194614915043398'}
2025-04-12 07:31:25,381 [INFO] Seviye string: 36
2025-04-12 07:31:25,381 [INFO] Seviye 36 için rol tanýmlý deðil.
2025-04-12 07:31:33,451 [INFO] Eski durum: onura1 | Seviye: 36, XP: 350, Toplam XP: 110000
2025-04-12 07:31:33,461 [INFO] XP Deðiþimi: onura1 | Deðiþim: +10000 | Yeni Toplam XP: 120000 | Seviye: 36 -> 37
2025-04-12 07:31:33,461 [INFO] Seviye atlandý: 36 -> 37, rol güncelleme çaðrýlýyor.
2025-04-12 07:31:33,461 [INFO] Rol güncelleme baþlatýldý: onura1 (ID: 1075675348731183166), Seviye: 37
2025-04-12 07:31:33,461 [INFO] Level roles map: {'1': '1334194610221748347', '3': '1334194609038823424', '5': '1231998687866261545', '7': '1334194608208347146', '10': '1231998687044173948', '13': '1334194604722884628', '15': '1231998686293131294', '18': '1334194605536706660', '20': '1231998685248749742', '23': '1334194607273279508', '25': '1231998683139276840', '28': '1334194606790672494', '30': '1231998669138694225', '33': '1334194600826634302', '35': '1334194603699732480', '38': '1334194586423132270', '40': '1334194614915043398'}
2025-04-12 07:31:33,462 [INFO] Seviye string: 37
2025-04-12 07:31:33,462 [INFO] Seviye 37 için rol tanýmlý deðil.
2025-04-12 07:31:35,714 [INFO] Eski durum: onura1 | Seviye: 37, XP: 1970, Toplam XP: 120000
2025-04-12 07:31:35,727 [INFO] XP Deðiþimi: onura1 | Deðiþim: +10000 | Yeni Toplam XP: 130000 | Seviye: 37 -> 38
2025-04-12 07:31:35,727 [INFO] Seviye atlandý: 37 -> 38, rol güncelleme çaðrýlýyor.
2025-04-12 07:31:35,727 [INFO] Rol güncelleme baþlatýldý: onura1 (ID: 1075675348731183166), Seviye: 38
2025-04-12 07:31:35,727 [INFO] Level roles map: {'1': '1334194610221748347', '3': '1334194609038823424', '5': '1231998687866261545', '7': '1334194608208347146', '10': '1231998687044173948', '13': '1334194604722884628', '15': '1231998686293131294', '18': '1334194605536706660', '20': '1231998685248749742', '23': '1334194607273279508', '25': '1231998683139276840', '28': '1334194606790672494', '30': '1231998669138694225', '33': '1334194600826634302', '35': '1334194603699732480', '38': '1334194586423132270', '40': '1334194614915043398'}
2025-04-12 07:31:35,728 [INFO] Seviye string: 38
2025-04-12 07:31:35,728 [INFO] Seviye 38 için rol ID: 1334194586423132270
2025-04-12 07:31:35,728 [INFO] Rol bulundu: Mavi Düzen Bekçisi (Lv. 38) (ID: 1334194586423132270)
2025-04-12 07:31:35,728 [INFO] Kullanýcýnýn mevcut rolleri: {1110215709792931942, 1141809409664749639, 1157967788535730246, 1185544229624238122, 1157967748589162507, 1157967747406368878, 1110969051049623663, 1110213775392514190, 1108389209502392411, 1334194600826634302, 1109145299324243999}
2025-04-12 07:31:35,728 [INFO] Kaldýrýlacak rol: Gümüþ Kralýn Varisi (Lv. 33) (ID: 1334194600826634302)
2025-04-12 07:31:35,729 [INFO] Roller kaldýrýlýyor: ['Gümüþ Kralýn Varisi (Lv. 33)']
2025-04-12 07:31:36,088 [INFO] Rol ekleniyor: Mavi Düzen Bekçisi (Lv. 38) (ID: 1334194586423132270)
2025-04-12 07:31:38,765 [INFO] Eski durum: onura1 | Seviye: 38, XP: 3175, Toplam XP: 130000
2025-04-12 07:31:38,774 [INFO] XP Deðiþimi: onura1 | Deðiþim: +10000 | Yeni Toplam XP: 140000 | Seviye: 38 -> 39
2025-04-12 07:31:38,774 [INFO] Seviye atlandý: 38 -> 39, rol güncelleme çaðrýlýyor.
2025-04-12 07:31:38,774 [INFO] Rol güncelleme baþlatýldý: onura1 (ID: 1075675348731183166), Seviye: 39
2025-04-12 07:31:38,774 [INFO] Level roles map: {'1': '1334194610221748347', '3': '1334194609038823424', '5': '1231998687866261545', '7': '1334194608208347146', '10': '1231998687044173948', '13': '1334194604722884628', '15': '1231998686293131294', '18': '1334194605536706660', '20': '1231998685248749742', '23': '1334194607273279508', '25': '1231998683139276840', '28': '1334194606790672494', '30': '1231998669138694225', '33': '1334194600826634302', '35': '1334194603699732480', '38': '1334194586423132270', '40': '1334194614915043398'}
2025-04-12 07:31:38,776 [INFO] Seviye string: 39
2025-04-12 07:31:38,776 [INFO] Seviye 39 için rol tanýmlý deðil.
2025-04-12 07:31:41,065 [INFO] Eski durum: onura1 | Seviye: 39, XP: 3955, Toplam XP: 140000
2025-04-12 07:31:41,074 [INFO] XP Deðiþimi: onura1 | Deðiþim: +10000 | Yeni Toplam XP: 150000 | Seviye: 39 -> 40
2025-04-12 07:31:41,075 [INFO] Seviye atlandý: 39 -> 40, rol güncelleme çaðrýlýyor.
2025-04-12 07:31:41,075 [INFO] Rol güncelleme baþlatýldý: onura1 (ID: 1075675348731183166), Seviye: 40
2025-04-12 07:31:41,075 [INFO] Level roles map: {'1': '1334194610221748347', '3': '1334194609038823424', '5': '1231998687866261545', '7': '1334194608208347146', '10': '1231998687044173948', '13': '1334194604722884628', '15': '1231998686293131294', '18': '1334194605536706660', '20': '1231998685248749742', '23': '1334194607273279508', '25': '1231998683139276840', '28': '1334194606790672494', '30': '1231998669138694225', '33': '1334194600826634302', '35': '1334194603699732480', '38': '1334194586423132270', '40': '1334194614915043398'}
2025-04-12 07:31:41,075 [INFO] Seviye string: 40
2025-04-12 07:31:41,076 [INFO] Seviye 40 için rol ID: 1334194614915043398
2025-04-12 07:31:41,076 [INFO] Rol bulundu: Yeþil Kralýn Hançeri (Lv. 40) (ID: 1334194614915043398)
2025-04-12 07:31:41,076 [INFO] Kullanýcýnýn mevcut rolleri: {1110215709792931942, 1141809409664749639, 1157967788535730246, 1185544229624238122, 1157967748589162507, 1157967747406368878, 1110969051049623663, 1334194586423132270, 1110213775392514190, 1108389209502392411, 1109145299324243999}
2025-04-12 07:31:41,076 [INFO] Kaldýrýlacak rol: Mavi Düzen Bekçisi (Lv. 38) (ID: 1334194586423132270)
2025-04-12 07:31:41,077 [INFO] Roller kaldýrýlýyor: ['Mavi Düzen Bekçisi (Lv. 38)']
2025-04-12 07:31:41,535 [INFO] Rol ekleniyor: Yeþil Kralýn Hançeri (Lv. 40) (ID: 1334194614915043398)
2025-04-12 07:32:03,400 [INFO] Tüm seviye rolleri kaldýrýlýyor: onura1 (ID: 1075675348731183166)
2025-04-12 07:32:03,877 [INFO] onura1'dan roller kaldýrýldý: ['Yeþil Kralýn Hançeri (Lv. 40)']
2025-04-12 08:58:25,241 [INFO] Yapýlandýrma dosyasý yükleniyor: c:\Users\onur\Desktop\Yata Misaki - testing\commands\Leveling\..\..\leveling_config.json
2025-04-12 08:58:25,242 [INFO] Yüklenen yapýlandýrma: {'xp_range': {'min': 15, 'max': 25}, 'xp_cooldown_seconds': 60, 'level_roles': {'1': '1334194610221748347', '3': '1334194609038823424', '5': '1231998687866261545', '7': '1334194608208347146', '10': '1231998687044173948', '13': '1334194604722884628', '15': '1231998686293131294', '18': '1334194605536706660', '20': '1231998685248749742', '23': '1334194607273279508', '25': '1231998683139276840', '28': '1334194606790672494', '30': '1231998669138694225', '33': '1334194600826634302', '35': '1334194603699732480', '38': '1334194586423132270', '40': '1334194614915043398'}, 'remove_roles_if_below_rank': None, 'remove_previous_roles': True, 'blacklisted_channels': [], 'xp_boosts': {}}
2025-04-12 08:58:25,242 [INFO] Seviye yapýlandýrmasý 'c:\Users\onur\Desktop\Yata Misaki - testing\commands\Leveling\..\..\leveling_config.json' baþarýyla yüklendi.
2025-04-12 08:58:25,242 [INFO] Yüklenen level_roles: {'1': '1334194610221748347', '3': '1334194609038823424', '5': '1231998687866261545', '7': '1334194608208347146', '10': '1231998687044173948', '13': '1334194604722884628', '15': '1231998686293131294', '18': '1334194605536706660', '20': '1231998685248749742', '23': '1334194607273279508', '25': '1231998683139276840', '28': '1334194606790672494', '30': '1231998669138694225', '33': '1334194600826634302', '35': '1334194603699732480', '38': '1334194586423132270', '40': '1334194614915043398'}
2025-04-12 08:58:25,243 [INFO] 'levels.db' veritabanýna baðlandý.
2025-04-12 08:58:25,244 [INFO] Leveling Cog (Seviye Sistemi) yüklendi!
2025-04-12 08:58:25,362 [INFO] 'partners.db' veritabanýna baðlandý.
2025-04-12 08:58:25,364 [INFO] logging in using static token
2025-04-12 08:58:26,926 [INFO] Shard ID None has connected to Gateway (Session ID: b147574c11ce0d12b82dc463f5080cc2).
2025-04-12 09:08:38,421 [INFO] Yapýlandýrma dosyasý yükleniyor: c:\Users\onur\Desktop\Yata Misaki - testing\commands\Leveling\..\..\leveling_config.json
2025-04-12 09:08:38,421 [INFO] Yüklenen yapýlandýrma: {'xp_range': {'min': 15, 'max': 25}, 'xp_cooldown_seconds': 60, 'level_roles': {'1': '1334194610221748347', '3': '1334194609038823424', '5': '1231998687866261545', '7': '1334194608208347146', '10': '1231998687044173948', '13': '1334194604722884628', '15': '1231998686293131294', '18': '1334194605536706660', '20': '1231998685248749742', '23': '1334194607273279508', '25': '1231998683139276840', '28': '1334194606790672494', '30': '1231998669138694225', '33': '1334194600826634302', '35': '1334194603699732480', '38': '1334194586423132270', '40': '1334194614915043398'}, 'remove_roles_if_below_rank': None, 'remove_previous_roles': True, 'blacklisted_channels': [], 'xp_boosts': {}}
2025-04-12 09:08:38,421 [INFO] Seviye yapýlandýrmasý 'c:\Users\onur\Desktop\Yata Misaki - testing\commands\Leveling\..\..\leveling_config.json' baþarýyla yüklendi.
2025-04-12 09:08:38,421 [INFO] Yüklenen level_roles: {'1': '1334194610221748347', '3': '1334194609038823424', '5': '1231998687866261545', '7': '1334194608208347146', '10': '1231998687044173948', '13': '1334194604722884628', '15': '1231998686293131294', '18': '1334194605536706660', '20': '1231998685248749742', '23': '1334194607273279508', '25': '1231998683139276840', '28': '1334194606790672494', '30': '1231998669138694225', '33': '1334194600826634302', '35': '1334194603699732480', '38': '1334194586423132270', '40': '1334194614915043398'}
2025-04-12 09:08:38,422 [INFO] 'levels.db' veritabanýna baðlandý.
2025-04-12 09:08:38,422 [INFO] Leveling Cog (Seviye Sistemi) yüklendi!
2025-04-12 09:08:38,519 [INFO] 'partners.db' veritabanýna baðlandý.
2025-04-12 09:08:38,522 [INFO] logging in using static token
2025-04-12 09:08:40,066 [INFO] Shard ID None has connected to Gateway (Session ID: d56971c29db387488ef91280e7de00ca).
2025-04-12 09:11:15,606 [INFO] Yapýlandýrma dosyasý yükleniyor: c:\Users\onur\Desktop\Yata Misaki - testing\commands\Leveling\..\..\leveling_config.json
2025-04-12 09:11:15,607 [INFO] Yüklenen yapýlandýrma: {'xp_range': {'min': 15, 'max': 25}, 'xp_cooldown_seconds': 60, 'level_roles': {'1': '1334194610221748347', '3': '1334194609038823424', '5': '1231998687866261545', '7': '1334194608208347146', '10': '1231998687044173948', '13': '1334194604722884628', '15': '1231998686293131294', '18': '1334194605536706660', '20': '1231998685248749742', '23': '1334194607273279508', '25': '1231998683139276840', '28': '1334194606790672494', '30': '1231998669138694225', '33': '1334194600826634302', '35': '1334194603699732480', '38': '1334194586423132270', '40': '1334194614915043398'}, 'remove_roles_if_below_rank': None, 'remove_previous_roles': True, 'blacklisted_channels': [], 'xp_boosts': {}}
2025-04-12 09:11:15,607 [INFO] Seviye yapýlandýrmasý 'c:\Users\onur\Desktop\Yata Misaki - testing\commands\Leveling\..\..\leveling_config.json' baþarýyla yüklendi.
2025-04-12 09:11:15,608 [INFO] Yüklenen level_roles: {'1': '1334194610221748347', '3': '1334194609038823424', '5': '1231998687866261545', '7': '1334194608208347146', '10': '1231998687044173948', '13': '1334194604722884628', '15': '1231998686293131294', '18': '1334194605536706660', '20': '1231998685248749742', '23': '1334194607273279508', '25': '1231998683139276840', '28': '1334194606790672494', '30': '1231998669138694225', '33': '1334194600826634302', '35': '1334194603699732480', '38': '1334194586423132270', '40': '1334194614915043398'}
2025-04-12 09:11:15,609 [INFO] 'levels.db' veritabanýna baðlandý.
2025-04-12 09:11:15,609 [INFO] Leveling Cog (Seviye Sistemi) yüklendi!
2025-04-12 09:11:15,718 [INFO] 'partners.db' veritabanýna baðlandý.
2025-04-12 09:11:15,721 [INFO] logging in using static token
2025-04-12 09:11:17,151 [INFO] Shard ID None has connected to Gateway (Session ID: 34a67e9b3163d37c8c9dde1298ccdb87).
